exports["snapshot title"] = 'Single snapshot test';
